# Logfile created on 2026-08-03 22:26:12 +0200 by logger.rb/v1.4.3
2026-08-03 22:26:12 +0200: Memory Usage (440016K) : Starting running SG13G2 Klayout LVS runset on /projects/designs/github/glow_sg13g2/cells/NOR2_D4/NOR2_D4.gds
2026-08-03 22:26:12 +0200: Memory Usage (440016K) : Ruby Version for klayout: 3.0.2
2026-08-03 22:26:12 +0200: Memory Usage (440016K) : Loading database to memory is complete.
2026-08-03 22:26:12 +0200: Memory Usage (440016K) : SG13G2 Klayout LVS runset output at: /projects/designs/github/glow_sg13g2/cells/NOR2_D4/lvs_run_NOR2_D4_2026_08_03_22_26_11/NOR2_D4.lvsdb
2026-08-03 22:26:12 +0200: Memory Usage (440016K) : Evaluate switches.
2026-08-03 22:26:12 +0200: Memory Usage (440016K) : Extracted netlist with net names: true
2026-08-03 22:26:12 +0200: Memory Usage (440016K) : Extracted netlist with comments in details: false
2026-08-03 22:26:12 +0200: Memory Usage (440016K) : Selected NET_ONLY option: false
2026-08-03 22:26:12 +0200: Memory Usage (440016K) : Selected LAYOUT_NETLIST option: (none)
2026-08-03 22:26:12 +0200: Memory Usage (440016K) : Selected IGNORE_TOP_PORTS_MISMATCH option: 
2026-08-03 22:26:12 +0200: Memory Usage (440016K) : Selected IMPLICIT_NETS option: (none)
2026-08-03 22:26:12 +0200: Memory Usage (440016K) : Selected TOP_LVL_PINS option: false
2026-08-03 22:26:12 +0200: Memory Usage (440016K) : Selected COMBINE DEVICES option: false
2026-08-03 22:26:12 +0200: Memory Usage (440016K) : Selected PURGE option: false
2026-08-03 22:26:12 +0200: Memory Usage (440016K) : Selected PURGE_NETS option: false
2026-08-03 22:26:12 +0200: Memory Usage (440016K) : Selected SIMPLIFY option: true
2026-08-03 22:26:12 +0200: Memory Usage (440016K) : Selected SERIES_RES option: true
2026-08-03 22:26:12 +0200: Memory Usage (440016K) : Selected PARALLEL_RES option: true
2026-08-03 22:26:12 +0200: Memory Usage (440016K) : flat  mode is enabled.
2026-08-03 22:26:12 +0200: Memory Usage (440016K) : Netlist file: /projects/designs/github/glow_sg13g2/cells/NOR2_D4/NOR2_D4.cdl
2026-08-03 22:26:12 +0200: Memory Usage (440016K) : LVS extracted netlist at: /projects/designs/github/glow_sg13g2/cells/NOR2_D4/lvs_run_NOR2_D4_2026_08_03_22_26_11/NOR2_D4_extracted.cir
2026-08-03 22:26:12 +0200: Memory Usage (440016K) : Applying SRAM integration support.
2026-08-03 22:26:12 +0200: Memory Usage (440016K) : Starting SG13G2 LVS runset
2026-08-03 22:26:12 +0200: Memory Usage (440016K) : Read in polygons from layers.
2026-08-03 22:26:12 +0200: Memory Usage (440016K) : activ_drw has 2 polygons
2026-08-03 22:26:12 +0200: Memory Usage (440016K) : activ_filler has 0 polygons
2026-08-03 22:26:12 +0200: Memory Usage (440016K) : activ has 2 polygons
2026-08-03 22:26:12 +0200: Memory Usage (440016K) : activ_pin has 0 polygons
2026-08-03 22:26:12 +0200: Memory Usage (440016K) : activ_mask has 0 polygons
2026-08-03 22:26:12 +0200: Memory Usage (440016K) : activ_nofill has 0 polygons
2026-08-03 22:26:12 +0200: Memory Usage (440016K) : activ_OPC has 0 polygons
2026-08-03 22:26:12 +0200: Memory Usage (440016K) : activ_iOPC has 0 polygons
2026-08-03 22:26:12 +0200: Memory Usage (440016K) : activ_noqrc has 0 polygons
2026-08-03 22:26:12 +0200: Memory Usage (440016K) : biwind_drw has 0 polygons
2026-08-03 22:26:12 +0200: Memory Usage (440016K) : biwind_OPC has 0 polygons
2026-08-03 22:26:12 +0200: Memory Usage (440016K) : gatpoly_drw has 4 polygons
2026-08-03 22:26:12 +0200: Memory Usage (440016K) : gatpoly_filler has 0 polygons
2026-08-03 22:26:12 +0200: Memory Usage (440016K) : gatpoly has 4 polygons
2026-08-03 22:26:12 +0200: Memory Usage (440016K) : gatpoly_pin has 0 polygons
2026-08-03 22:26:12 +0200: Memory Usage (440016K) : gatpoly_nofill has 0 polygons
2026-08-03 22:26:12 +0200: Memory Usage (442436K) : gatpoly_OPC has 0 polygons
2026-08-03 22:26:12 +0200: Memory Usage (442436K) : gatpoly_iOPC has 0 polygons
2026-08-03 22:26:12 +0200: Memory Usage (442700K) : gatpoly_noqrc has 0 polygons
2026-08-03 22:26:12 +0200: Memory Usage (442964K) : cont_drw has 27 polygons
2026-08-03 22:26:12 +0200: Memory Usage (443228K) : cont_OPC has 0 polygons
2026-08-03 22:26:12 +0200: Memory Usage (443228K) : nsd_drw has 0 polygons
2026-08-03 22:26:12 +0200: Memory Usage (443228K) : nsd_block has 0 polygons
2026-08-03 22:26:12 +0200: Memory Usage (443492K) : metal1_drw has 5 polygons
2026-08-03 22:26:12 +0200: Memory Usage (443492K) : metal1_filler has 0 polygons
2026-08-03 22:26:12 +0200: Memory Usage (443756K) : metal1_slit has 0 polygons
2026-08-03 22:26:12 +0200: Memory Usage (443756K) : metal1 has 5 polygons
2026-08-03 22:26:12 +0200: Memory Usage (444020K) : metal1_pin has 5 polygons
2026-08-03 22:26:12 +0200: Memory Usage (444020K) : metal1_mask has 0 polygons
2026-08-03 22:26:12 +0200: Memory Usage (444284K) : metal1_nofill has 0 polygons
2026-08-03 22:26:12 +0200: Memory Usage (444284K) : metal1_text has 0 polygons
2026-08-03 22:26:12 +0200: Memory Usage (444608K) : metal1_OPC has 0 polygons
2026-08-03 22:26:12 +0200: Memory Usage (444608K) : metal1_noqrc has 0 polygons
2026-08-03 22:26:12 +0200: Memory Usage (444872K) : metal1_res has 0 polygons
2026-08-03 22:26:12 +0200: Memory Usage (444872K) : metal1_iprobe has 0 polygons
2026-08-03 22:26:12 +0200: Memory Usage (445136K) : metal1_diffprb has 0 polygons
2026-08-03 22:26:12 +0200: Memory Usage (445400K) : passiv_drw has 0 polygons
2026-08-03 22:26:12 +0200: Memory Usage (445400K) : passiv_pin has 0 polygons
2026-08-03 22:26:12 +0200: Memory Usage (445664K) : passiv_sbump has 0 polygons
2026-08-03 22:26:12 +0200: Memory Usage (445664K) : passiv_pillar has 0 polygons
2026-08-03 22:26:12 +0200: Memory Usage (445928K) : passiv_pdl has 0 polygons
2026-08-03 22:26:12 +0200: Memory Usage (445928K) : metal2_drw has 0 polygons
2026-08-03 22:26:12 +0200: Memory Usage (446192K) : metal2_filler has 0 polygons
2026-08-03 22:26:12 +0200: Memory Usage (446456K) : metal2_slit has 0 polygons
2026-08-03 22:26:12 +0200: Memory Usage (446456K) : metal2 has 0 polygons
2026-08-03 22:26:12 +0200: Memory Usage (446720K) : metal2_pin has 0 polygons
2026-08-03 22:26:12 +0200: Memory Usage (446720K) : metal2_mask has 0 polygons
2026-08-03 22:26:12 +0200: Memory Usage (446984K) : metal2_nofill has 0 polygons
2026-08-03 22:26:12 +0200: Memory Usage (446984K) : metal2_text has 0 polygons
2026-08-03 22:26:12 +0200: Memory Usage (447248K) : metal2_OPC has 0 polygons
2026-08-03 22:26:12 +0200: Memory Usage (447248K) : metal2_noqrc has 0 polygons
2026-08-03 22:26:12 +0200: Memory Usage (447512K) : metal2_res has 0 polygons
2026-08-03 22:26:12 +0200: Memory Usage (447512K) : metal2_iprobe has 0 polygons
2026-08-03 22:26:12 +0200: Memory Usage (447776K) : metal2_diffprb has 0 polygons
2026-08-03 22:26:12 +0200: Memory Usage (447776K) : baspoly_drw has 0 polygons
2026-08-03 22:26:12 +0200: Memory Usage (447776K) : baspoly_pin has 0 polygons
2026-08-03 22:26:12 +0200: Memory Usage (448040K) : psd_drw has 2 polygons
2026-08-03 22:26:12 +0200: Memory Usage (448304K) : nldb_drw has 0 polygons
2026-08-03 22:26:12 +0200: Memory Usage (448304K) : digibnd_drw has 0 polygons
2026-08-03 22:26:12 +0200: Memory Usage (448568K) : via1_drw has 0 polygons
2026-08-03 22:26:12 +0200: Memory Usage (448568K) : backmetal1_drw has 0 polygons
2026-08-03 22:26:12 +0200: Memory Usage (448832K) : backmetal1_pin has 0 polygons
2026-08-03 22:26:12 +0200: Memory Usage (448832K) : backmetal1_mask has 0 polygons
2026-08-03 22:26:12 +0200: Memory Usage (449096K) : backmetal1_filler has 0 polygons
2026-08-03 22:26:12 +0200: Memory Usage (449360K) : backmetal1_nofill has 0 polygons
2026-08-03 22:26:12 +0200: Memory Usage (449360K) : backmetal1_slit has 0 polygons
2026-08-03 22:26:12 +0200: Memory Usage (449360K) : backmetal1_text has 0 polygons
2026-08-03 22:26:12 +0200: Memory Usage (449624K) : backmetal1_OPC has 0 polygons
2026-08-03 22:26:12 +0200: Memory Usage (449888K) : backmetal1_noqrc has 0 polygons
2026-08-03 22:26:12 +0200: Memory Usage (449888K) : backmetal1_res has 0 polygons
2026-08-03 22:26:12 +0200: Memory Usage (450152K) : backmetal1_iprobe has 0 polygons
2026-08-03 22:26:12 +0200: Memory Usage (450152K) : backmetal1_diffprb has 0 polygons
2026-08-03 22:26:12 +0200: Memory Usage (450416K) : backpassiv_drw has 0 polygons
2026-08-03 22:26:12 +0200: Memory Usage (450680K) : res_drw has 0 polygons
2026-08-03 22:26:12 +0200: Memory Usage (450680K) : sram_drw has 0 polygons
2026-08-03 22:26:12 +0200: Memory Usage (450944K) : trans_drw has 0 polygons
2026-08-03 22:26:12 +0200: Memory Usage (450944K) : ind_drw has 0 polygons
2026-08-03 22:26:12 +0200: Memory Usage (451208K) : ind_pin has 0 polygons
2026-08-03 22:26:12 +0200: Memory Usage (451208K) : ind_text has 0 polygons
2026-08-03 22:26:12 +0200: Memory Usage (451472K) : salblock_drw has 0 polygons
2026-08-03 22:26:12 +0200: Memory Usage (451472K) : via2_drw has 0 polygons
2026-08-03 22:26:12 +0200: Memory Usage (451736K) : metal3_drw has 0 polygons
2026-08-03 22:26:12 +0200: Memory Usage (451736K) : metal3_filler has 0 polygons
2026-08-03 22:26:12 +0200: Memory Usage (452000K) : metal3_slit has 0 polygons
2026-08-03 22:26:12 +0200: Memory Usage (452000K) : metal3 has 0 polygons
2026-08-03 22:26:12 +0200: Memory Usage (452264K) : metal3_pin has 0 polygons
2026-08-03 22:26:12 +0200: Memory Usage (452264K) : metal3_mask has 0 polygons
2026-08-03 22:26:12 +0200: Memory Usage (452528K) : metal3_nofill has 0 polygons
2026-08-03 22:26:12 +0200: Memory Usage (452528K) : metal3_text has 0 polygons
2026-08-03 22:26:12 +0200: Memory Usage (452792K) : metal3_OPC has 0 polygons
2026-08-03 22:26:12 +0200: Memory Usage (452792K) : metal3_noqrc has 0 polygons
2026-08-03 22:26:12 +0200: Memory Usage (453056K) : metal3_res has 0 polygons
2026-08-03 22:26:12 +0200: Memory Usage (453056K) : metal3_iprobe has 0 polygons
2026-08-03 22:26:12 +0200: Memory Usage (453320K) : metal3_diffprb has 0 polygons
2026-08-03 22:26:12 +0200: Memory Usage (453584K) : nwell_drw has 1 polygons
2026-08-03 22:26:12 +0200: Memory Usage (453584K) : nwell_pin has 0 polygons
2026-08-03 22:26:12 +0200: Memory Usage (453584K) : nwell_text has 0 polygons
2026-08-03 22:26:12 +0200: Memory Usage (453848K) : nbulay_drw has 0 polygons
2026-08-03 22:26:12 +0200: Memory Usage (453848K) : nbulay_pin has 0 polygons
2026-08-03 22:26:12 +0200: Memory Usage (454112K) : nbulay_block has 0 polygons
2026-08-03 22:26:12 +0200: Memory Usage (454112K) : emwind_drw has 0 polygons
2026-08-03 22:26:12 +0200: Memory Usage (454376K) : emwind_OPC has 0 polygons
2026-08-03 22:26:12 +0200: Memory Usage (454640K) : deepco_drw has 0 polygons
2026-08-03 22:26:12 +0200: Memory Usage (454640K) : mim_drw has 0 polygons
2026-08-03 22:26:12 +0200: Memory Usage (454904K) : edgeseal_drw has 0 polygons
2026-08-03 22:26:12 +0200: Memory Usage (454904K) : substrate_drw has 0 polygons
2026-08-03 22:26:12 +0200: Memory Usage (454904K) : substrate_text has 0 polygons
2026-08-03 22:26:12 +0200: Memory Usage (455168K) : dfpad_drw has 0 polygons
2026-08-03 22:26:12 +0200: Memory Usage (455432K) : dfpad_pillar has 0 polygons
2026-08-03 22:26:12 +0200: Memory Usage (455432K) : dfpad_sbump has 0 polygons
2026-08-03 22:26:12 +0200: Memory Usage (455696K) : thickgateox_drw has 0 polygons
2026-08-03 22:26:12 +0200: Memory Usage (455696K) : pldb_drw has 0 polygons
2026-08-03 22:26:12 +0200: Memory Usage (455960K) : pwell_drw has 0 polygons
2026-08-03 22:26:12 +0200: Memory Usage (456224K) : pwell_pin has 0 polygons
2026-08-03 22:26:12 +0200: Memory Usage (456224K) : pwell_block has 0 polygons
2026-08-03 22:26:12 +0200: Memory Usage (456488K) : ic_drw has 0 polygons
2026-08-03 22:26:12 +0200: Memory Usage (456488K) : via3_drw has 0 polygons
2026-08-03 22:26:12 +0200: Memory Usage (456752K) : metal4_drw has 0 polygons
2026-08-03 22:26:12 +0200: Memory Usage (456752K) : metal4_filler has 0 polygons
2026-08-03 22:26:12 +0200: Memory Usage (457016K) : metal4_slit has 0 polygons
2026-08-03 22:26:12 +0200: Memory Usage (457280K) : metal4 has 0 polygons
2026-08-03 22:26:12 +0200: Memory Usage (457280K) : metal4_pin has 0 polygons
2026-08-03 22:26:12 +0200: Memory Usage (457544K) : metal4_mask has 0 polygons
2026-08-03 22:26:12 +0200: Memory Usage (457544K) : metal4_nofill has 0 polygons
2026-08-03 22:26:12 +0200: Memory Usage (457544K) : metal4_text has 0 polygons
2026-08-03 22:26:12 +0200: Memory Usage (457544K) : metal4_OPC has 0 polygons
2026-08-03 22:26:12 +0200: Memory Usage (457808K) : metal4_noqrc has 0 polygons
2026-08-03 22:26:12 +0200: Memory Usage (457808K) : metal4_res has 0 polygons
2026-08-03 22:26:12 +0200: Memory Usage (457808K) : metal4_iprobe has 0 polygons
2026-08-03 22:26:12 +0200: Memory Usage (458072K) : metal4_diffprb has 0 polygons
2026-08-03 22:26:12 +0200: Memory Usage (458072K) : heattrans_drw has 0 polygons
2026-08-03 22:26:12 +0200: Memory Usage (458336K) : heatres_drw has 0 polygons
2026-08-03 22:26:12 +0200: Memory Usage (458600K) : fbe_drw has 0 polygons
2026-08-03 22:26:12 +0200: Memory Usage (458600K) : empoly_drw has 0 polygons
2026-08-03 22:26:12 +0200: Memory Usage (458864K) : digisub_drw has 0 polygons
2026-08-03 22:26:12 +0200: Memory Usage (458864K) : text_drw has 0 polygons
2026-08-03 22:26:12 +0200: Memory Usage (459128K) : via4_drw has 0 polygons
2026-08-03 22:26:12 +0200: Memory Usage (459128K) : metal5_drw has 0 polygons
2026-08-03 22:26:12 +0200: Memory Usage (459392K) : metal5_filler has 0 polygons
2026-08-03 22:26:12 +0200: Memory Usage (459392K) : metal5_slit has 0 polygons
2026-08-03 22:26:12 +0200: Memory Usage (459656K) : metal5 has 0 polygons
2026-08-03 22:26:12 +0200: Memory Usage (459656K) : metal5_pin has 0 polygons
2026-08-03 22:26:12 +0200: Memory Usage (459920K) : metal5_mask has 0 polygons
2026-08-03 22:26:12 +0200: Memory Usage (459920K) : metal5_nofill has 0 polygons
2026-08-03 22:26:12 +0200: Memory Usage (460184K) : metal5_text has 0 polygons
2026-08-03 22:26:12 +0200: Memory Usage (460184K) : metal5_OPC has 0 polygons
2026-08-03 22:26:12 +0200: Memory Usage (460448K) : metal5_noqrc has 0 polygons
2026-08-03 22:26:12 +0200: Memory Usage (460448K) : metal5_res has 0 polygons
2026-08-03 22:26:12 +0200: Memory Usage (460712K) : metal5_iprobe has 0 polygons
2026-08-03 22:26:12 +0200: Memory Usage (460976K) : metal5_diffprb has 0 polygons
2026-08-03 22:26:12 +0200: Memory Usage (460976K) : radhard_drw has 0 polygons
2026-08-03 22:26:12 +0200: Memory Usage (461240K) : memcap_drw has 0 polygons
2026-08-03 22:26:12 +0200: Memory Usage (461240K) : varicap_drw has 0 polygons
2026-08-03 22:26:12 +0200: Memory Usage (461504K) : intbondvia_drw has 0 polygons
2026-08-03 22:26:12 +0200: Memory Usage (461768K) : intbondmet_drw has 0 polygons
2026-08-03 22:26:12 +0200: Memory Usage (461768K) : devbondvia_drw has 0 polygons
2026-08-03 22:26:12 +0200: Memory Usage (462032K) : devbondmet_drw has 0 polygons
2026-08-03 22:26:12 +0200: Memory Usage (462032K) : devtrench_drw has 0 polygons
2026-08-03 22:26:12 +0200: Memory Usage (462296K) : redist_drw has 0 polygons
2026-08-03 22:26:12 +0200: Memory Usage (462296K) : graphbot_drw has 0 polygons
2026-08-03 22:26:12 +0200: Memory Usage (462560K) : graphtop_drw has 0 polygons
2026-08-03 22:26:12 +0200: Memory Usage (462824K) : antvia1_drw has 0 polygons
2026-08-03 22:26:12 +0200: Memory Usage (462824K) : antmetal2_drw has 0 polygons
2026-08-03 22:26:12 +0200: Memory Usage (463088K) : graphcont_drw has 0 polygons
2026-08-03 22:26:12 +0200: Memory Usage (463088K) : siwg_drw has 0 polygons
2026-08-03 22:26:12 +0200: Memory Usage (463352K) : siwg_filler has 0 polygons
2026-08-03 22:26:12 +0200: Memory Usage (463352K) : siwg_nofill has 0 polygons
2026-08-03 22:26:12 +0200: Memory Usage (463616K) : sigrating_drw has 0 polygons
2026-08-03 22:26:12 +0200: Memory Usage (463880K) : singrating_drw has 0 polygons
2026-08-03 22:26:12 +0200: Memory Usage (463880K) : graphpas_drw has 0 polygons
2026-08-03 22:26:12 +0200: Memory Usage (464144K) : emwind3_drw has 0 polygons
2026-08-03 22:26:12 +0200: Memory Usage (464144K) : emwihv3_drw has 0 polygons
2026-08-03 22:26:12 +0200: Memory Usage (464408K) : redbulay_drw has 0 polygons
2026-08-03 22:26:12 +0200: Memory Usage (464408K) : smos_drw has 0 polygons
2026-08-03 22:26:12 +0200: Memory Usage (464672K) : graphpad_drw has 0 polygons
2026-08-03 22:26:12 +0200: Memory Usage (464936K) : polimide_drw has 0 polygons
2026-08-03 22:26:12 +0200: Memory Usage (464936K) : polimide_pin has 0 polygons
2026-08-03 22:26:12 +0200: Memory Usage (465200K) : recog_drw has 0 polygons
2026-08-03 22:26:12 +0200: Memory Usage (465200K) : recog_pin has 0 polygons
2026-08-03 22:26:12 +0200: Memory Usage (465464K) : recog_esd has 0 polygons
2026-08-03 22:26:12 +0200: Memory Usage (465728K) : recog_diode has 0 polygons
2026-08-03 22:26:12 +0200: Memory Usage (465728K) : recog_tsv has 0 polygons
2026-08-03 22:26:12 +0200: Memory Usage (465992K) : recog_iprobe has 0 polygons
2026-08-03 22:26:12 +0200: Memory Usage (465992K) : recog_diffprb has 0 polygons
2026-08-03 22:26:12 +0200: Memory Usage (466256K) : recog_pillar has 0 polygons
2026-08-03 22:26:12 +0200: Memory Usage (466256K) : recog_sbump has 0 polygons
2026-08-03 22:26:12 +0200: Memory Usage (466520K) : recog_otp has 0 polygons
2026-08-03 22:26:12 +0200: Memory Usage (466784K) : recog_pdiode has 0 polygons
2026-08-03 22:26:12 +0200: Memory Usage (466784K) : recog_mom has 0 polygons
2026-08-03 22:26:12 +0200: Memory Usage (467048K) : recog_pcm has 0 polygons
2026-08-03 22:26:12 +0200: Memory Usage (467048K) : colopen_drw has 0 polygons
2026-08-03 22:26:12 +0200: Memory Usage (467312K) : graphmetal1_drw has 0 polygons
2026-08-03 22:26:12 +0200: Memory Usage (467312K) : graphmetal1_filler has 0 polygons
2026-08-03 22:26:12 +0200: Memory Usage (467576K) : graphmetal1_nofill has 0 polygons
2026-08-03 22:26:12 +0200: Memory Usage (467840K) : graphmetal1_slit has 0 polygons
2026-08-03 22:26:12 +0200: Memory Usage (467840K) : graphmetal1_OPC has 0 polygons
2026-08-03 22:26:12 +0200: Memory Usage (468104K) : graphmet1l_drw has 0 polygons
2026-08-03 22:26:12 +0200: Memory Usage (468104K) : graphmet1l_filler has 0 polygons
2026-08-03 22:26:12 +0200: Memory Usage (468368K) : graphmet1l_nofill has 0 polygons
2026-08-03 22:26:12 +0200: Memory Usage (468368K) : graphmet1l_slit has 0 polygons
2026-08-03 22:26:12 +0200: Memory Usage (468632K) : graphmet1l_OPC has 0 polygons
2026-08-03 22:26:12 +0200: Memory Usage (468896K) : extblock_drw has 0 polygons
2026-08-03 22:26:12 +0200: Memory Usage (468896K) : nldd_drw has 0 polygons
2026-08-03 22:26:12 +0200: Memory Usage (469160K) : pldd_drw has 0 polygons
2026-08-03 22:26:12 +0200: Memory Usage (469160K) : next_drw has 0 polygons
2026-08-03 22:26:12 +0200: Memory Usage (469424K) : pext_drw has 0 polygons
2026-08-03 22:26:12 +0200: Memory Usage (469688K) : nexthv_drw has 0 polygons
2026-08-03 22:26:12 +0200: Memory Usage (469688K) : pexthv_drw has 0 polygons
2026-08-03 22:26:12 +0200: Memory Usage (469952K) : graphgate_drw has 0 polygons
2026-08-03 22:26:12 +0200: Memory Usage (469952K) : sinwg_drw has 0 polygons
2026-08-03 22:26:12 +0200: Memory Usage (470216K) : sinwg_filler has 0 polygons
2026-08-03 22:26:12 +0200: Memory Usage (470216K) : sinwg_nofill has 0 polygons
2026-08-03 22:26:12 +0200: Memory Usage (470480K) : mempad_drw has 0 polygons
2026-08-03 22:26:12 +0200: Memory Usage (470744K) : topvia1_drw has 0 polygons
2026-08-03 22:26:12 +0200: Memory Usage (470744K) : topmetal1_drw has 0 polygons
2026-08-03 22:26:12 +0200: Memory Usage (471008K) : topmetal1_filler has 0 polygons
2026-08-03 22:26:12 +0200: Memory Usage (471008K) : topmetal1_slit has 0 polygons
2026-08-03 22:26:12 +0200: Memory Usage (471272K) : topmetal1 has 0 polygons
2026-08-03 22:26:12 +0200: Memory Usage (471272K) : topmetal1_pin has 0 polygons
2026-08-03 22:26:12 +0200: Memory Usage (471536K) : topmetal1_mask has 0 polygons
2026-08-03 22:26:12 +0200: Memory Usage (471800K) : topmetal1_nofill has 0 polygons
2026-08-03 22:26:12 +0200: Memory Usage (471800K) : topmetal1_text has 0 polygons
2026-08-03 22:26:12 +0200: Memory Usage (471800K) : topmetal1_noqrc has 0 polygons
2026-08-03 22:26:12 +0200: Memory Usage (472064K) : topmetal1_res has 0 polygons
2026-08-03 22:26:12 +0200: Memory Usage (472328K) : topmetal1_iprobe has 0 polygons
2026-08-03 22:26:12 +0200: Memory Usage (472328K) : topmetal1_diffprb has 0 polygons
2026-08-03 22:26:12 +0200: Memory Usage (472592K) : inldpwl_drw has 0 polygons
2026-08-03 22:26:12 +0200: Memory Usage (472592K) : polyres_drw has 0 polygons
2026-08-03 22:26:12 +0200: Memory Usage (472856K) : polyres_pin has 0 polygons
2026-08-03 22:26:12 +0200: Memory Usage (472856K) : vmim_drw has 0 polygons
2026-08-03 22:26:12 +0200: Memory Usage (473120K) : nbulaycut_drw has 0 polygons
2026-08-03 22:26:12 +0200: Memory Usage (473384K) : antmetal1_drw has 0 polygons
2026-08-03 22:26:12 +0200: Memory Usage (473384K) : topvia2_drw has 0 polygons
2026-08-03 22:26:12 +0200: Memory Usage (473648K) : topmetal2_drw has 0 polygons
2026-08-03 22:26:12 +0200: Memory Usage (473648K) : topmetal2_filler has 0 polygons
2026-08-03 22:26:12 +0200: Memory Usage (473912K) : topmetal2_slit has 0 polygons
2026-08-03 22:26:12 +0200: Memory Usage (473912K) : topmetal2 has 0 polygons
2026-08-03 22:26:12 +0200: Memory Usage (474176K) : topmetal2_pin has 0 polygons
2026-08-03 22:26:12 +0200: Memory Usage (474440K) : topmetal2_mask has 0 polygons
2026-08-03 22:26:12 +0200: Memory Usage (474440K) : topmetal2_nofill has 0 polygons
2026-08-03 22:26:12 +0200: Memory Usage (474440K) : topmetal2_text has 0 polygons
2026-08-03 22:26:12 +0200: Memory Usage (474704K) : topmetal2_noqrc has 0 polygons
2026-08-03 22:26:12 +0200: Memory Usage (474968K) : topmetal2_res has 0 polygons
2026-08-03 22:26:12 +0200: Memory Usage (474968K) : topmetal2_iprobe has 0 polygons
2026-08-03 22:26:12 +0200: Memory Usage (475232K) : topmetal2_diffprb has 0 polygons
2026-08-03 22:26:12 +0200: Memory Usage (475232K) : snsring_drw has 0 polygons
2026-08-03 22:26:12 +0200: Memory Usage (475496K) : sensor_drw has 0 polygons
2026-08-03 22:26:12 +0200: Memory Usage (475496K) : snsarms_drw has 0 polygons
2026-08-03 22:26:12 +0200: Memory Usage (475760K) : snscmosvia_drw has 0 polygons
2026-08-03 22:26:12 +0200: Memory Usage (476024K) : colwind_drw has 0 polygons
2026-08-03 22:26:12 +0200: Memory Usage (476024K) : flm_drw has 0 polygons
2026-08-03 22:26:12 +0200: Memory Usage (476288K) : hafniumox_drw has 0 polygons
2026-08-03 22:26:12 +0200: Memory Usage (476288K) : memvia_drw has 0 polygons
2026-08-03 22:26:12 +0200: Memory Usage (476552K) : thinfilmres_drw has 0 polygons
2026-08-03 22:26:12 +0200: Memory Usage (476552K) : rfmem_drw has 0 polygons
2026-08-03 22:26:12 +0200: Memory Usage (476816K) : norcx_drw has 0 polygons
2026-08-03 22:26:12 +0200: Memory Usage (477080K) : norcx_m2m3 has 0 polygons
2026-08-03 22:26:12 +0200: Memory Usage (477080K) : norcx_m2m4 has 0 polygons
2026-08-03 22:26:12 +0200: Memory Usage (477344K) : norcx_m2m5 has 0 polygons
2026-08-03 22:26:12 +0200: Memory Usage (477344K) : norcx_m2tm1 has 0 polygons
2026-08-03 22:26:12 +0200: Memory Usage (477608K) : norcx_m2tm2 has 0 polygons
2026-08-03 22:26:12 +0200: Memory Usage (477608K) : norcx_m3m4 has 0 polygons
2026-08-03 22:26:12 +0200: Memory Usage (477872K) : norcx_m3m5 has 0 polygons
2026-08-03 22:26:12 +0200: Memory Usage (478136K) : norcx_m3tm1 has 0 polygons
2026-08-03 22:26:12 +0200: Memory Usage (478136K) : norcx_m3tm2 has 0 polygons
2026-08-03 22:26:12 +0200: Memory Usage (478400K) : norcx_m4m5 has 0 polygons
2026-08-03 22:26:12 +0200: Memory Usage (478400K) : norcx_m4tm1 has 0 polygons
2026-08-03 22:26:12 +0200: Memory Usage (478664K) : norcx_m4tm2 has 0 polygons
2026-08-03 22:26:12 +0200: Memory Usage (478928K) : norcx_m5tm1 has 0 polygons
2026-08-03 22:26:12 +0200: Memory Usage (478928K) : norcx_m5tm2 has 0 polygons
2026-08-03 22:26:12 +0200: Memory Usage (479192K) : norcx_tm1tm2 has 0 polygons
2026-08-03 22:26:12 +0200: Memory Usage (479192K) : norcx_m1sub has 0 polygons
2026-08-03 22:26:12 +0200: Memory Usage (479456K) : norcx_m2sub has 0 polygons
2026-08-03 22:26:12 +0200: Memory Usage (479456K) : norcx_m3sub has 0 polygons
2026-08-03 22:26:12 +0200: Memory Usage (479720K) : norcx_m4sub has 0 polygons
2026-08-03 22:26:12 +0200: Memory Usage (479984K) : norcx_m5sub has 0 polygons
2026-08-03 22:26:12 +0200: Memory Usage (479984K) : norcx_tm1sub has 0 polygons
2026-08-03 22:26:12 +0200: Memory Usage (480248K) : norcx_tm2sub has 0 polygons
2026-08-03 22:26:12 +0200: Memory Usage (480248K) : snsbotvia_drw has 0 polygons
2026-08-03 22:26:12 +0200: Memory Usage (480512K) : snstopvia_drw has 0 polygons
2026-08-03 22:26:12 +0200: Memory Usage (480512K) : deepvia_drw has 0 polygons
2026-08-03 22:26:12 +0200: Memory Usage (480776K) : fgetch_drw has 0 polygons
2026-08-03 22:26:12 +0200: Memory Usage (481040K) : ctrgat_drw has 0 polygons
2026-08-03 22:26:12 +0200: Memory Usage (481040K) : fgimp_drw has 0 polygons
2026-08-03 22:26:12 +0200: Memory Usage (481304K) : emwihv_drw has 0 polygons
2026-08-03 22:26:12 +0200: Memory Usage (481304K) : lbe_drw has 0 polygons
2026-08-03 22:26:12 +0200: Memory Usage (481568K) : alcustop_drw has 0 polygons
2026-08-03 22:26:12 +0200: Memory Usage (481832K) : nometfiller_drw has 0 polygons
2026-08-03 22:26:12 +0200: Memory Usage (481832K) : prboundary_drw has 1 polygons
2026-08-03 22:26:12 +0200: Memory Usage (482096K) : exchange0_drw has 0 polygons
2026-08-03 22:26:12 +0200: Memory Usage (482096K) : exchange0_pin has 0 polygons
2026-08-03 22:26:12 +0200: Memory Usage (482096K) : exchange0_text has 0 polygons
2026-08-03 22:26:12 +0200: Memory Usage (482360K) : exchange1_drw has 0 polygons
2026-08-03 22:26:12 +0200: Memory Usage (482624K) : exchange1_pin has 0 polygons
2026-08-03 22:26:12 +0200: Memory Usage (482624K) : exchange1_text has 0 polygons
2026-08-03 22:26:12 +0200: Memory Usage (482624K) : exchange2_drw has 0 polygons
2026-08-03 22:26:12 +0200: Memory Usage (482888K) : exchange2_pin has 0 polygons
2026-08-03 22:26:12 +0200: Memory Usage (482888K) : exchange2_text has 0 polygons
2026-08-03 22:26:12 +0200: Memory Usage (483152K) : exchange3_drw has 0 polygons
2026-08-03 22:26:12 +0200: Memory Usage (443224K) : exchange3_pin has 0 polygons
2026-08-03 22:26:12 +0200: Memory Usage (443224K) : exchange3_text has 0 polygons
2026-08-03 22:26:12 +0200: Memory Usage (443224K) : exchange4_drw has 0 polygons
2026-08-03 22:26:12 +0200: Memory Usage (443224K) : exchange4_pin has 0 polygons
2026-08-03 22:26:12 +0200: Memory Usage (443224K) : exchange4_text has 0 polygons
2026-08-03 22:26:12 +0200: Memory Usage (443224K) : isonwell_drw has 0 polygons
2026-08-03 22:26:12 +0200: Memory Usage (443224K) : Total no. of polygons in the design is 47
2026-08-03 22:26:12 +0200: Memory Usage (443224K) : Starting base layers derivations
2026-08-03 22:26:12 +0200: Memory Usage (443224K) : Starting general LVS derivations
2026-08-03 22:26:12 +0200: Memory Usage (446092K) : Starting MOSFET DERIVATIONS
2026-08-03 22:26:12 +0200: Memory Usage (448204K) : Starting NMOS DERIVATIONS
2026-08-03 22:26:12 +0200: Memory Usage (448468K) : Starting PMOS DERIVATIONS
2026-08-03 22:26:12 +0200: Memory Usage (448732K) : Starting RF-MOSFET DERIVATIONS
2026-08-03 22:26:12 +0200: Memory Usage (448732K) : Starting RF-NMOS DERIVATIONS
2026-08-03 22:26:12 +0200: Memory Usage (448996K) : Starting RF-PMOS DERIVATIONS
2026-08-03 22:26:12 +0200: Memory Usage (449260K) : Starting BJT DERIVATIONS
2026-08-03 22:26:12 +0200: Memory Usage (449260K) : Starting NPN-BJT DERIVATIONS
2026-08-03 22:26:13 +0200: Memory Usage (453484K) : Starting PNP-BJT DERIVATIONS
2026-08-03 22:26:13 +0200: Memory Usage (453484K) : Starting DIODE DERIVATIONS
2026-08-03 22:26:13 +0200: Memory Usage (453484K) : Starting RESISTOR DERIVATIONS
2026-08-03 22:26:13 +0200: Memory Usage (453484K) : Starting CAP DERIVATIONS
2026-08-03 22:26:13 +0200: Memory Usage (455860K) : Starting ESD DERIVATIONS
2026-08-03 22:26:13 +0200: Memory Usage (467476K) : Starting Inductor DERIVATIONS
2026-08-03 22:26:13 +0200: Memory Usage (471964K) : Starting Taps DERIVATIONS
2026-08-03 22:26:13 +0200: Memory Usage (473548K) : Starting SG13G2 LVS connectivity setup
2026-08-03 22:26:13 +0200: Memory Usage (473548K) : Starting SG13G2 LVS connectivity setup (Inter-layer)
2026-08-03 22:26:13 +0200: Memory Usage (473548K) : Starting SG13G2 LVS connectivity setup (Global)
2026-08-03 22:26:13 +0200: Memory Usage (473548K) : Starting LVS MOSFET CONNECTIONS
2026-08-03 22:26:13 +0200: Memory Usage (473548K) : Starting LVS RF-MOSFET CONNECTIONS
2026-08-03 22:26:13 +0200: Memory Usage (473548K) : Starting LVS BJT CONNECTIONS
2026-08-03 22:26:13 +0200: Memory Usage (473548K) : Starting LVS DIODE CONNECTIONS
2026-08-03 22:26:13 +0200: Memory Usage (473548K) : Starting RESISTOR CONNECTIONS
2026-08-03 22:26:13 +0200: Memory Usage (473548K) : Starting LVS CAP CONNECTIONS
2026-08-03 22:26:13 +0200: Memory Usage (473548K) : Starting ESD CONNECTIONS
2026-08-03 22:26:13 +0200: Memory Usage (473548K) : Starting Inductor CONNECTIONS
2026-08-03 22:26:13 +0200: Memory Usage (473548K) : Starting LVS Taps CONNECTIONS
2026-08-03 22:26:13 +0200: Memory Usage (473548K) : Starting SG13G2 LVS DEVICES EXTRACTION
2026-08-03 22:26:13 +0200: Memory Usage (473548K) : Starting MOSFET EXTRACTION
2026-08-03 22:26:13 +0200: Memory Usage (473548K) : Starting NMOS EXTRACTION
2026-08-03 22:26:13 +0200: Memory Usage (473548K) : Extraction of NMOS-LV transistor
2026-08-03 22:26:13 +0200: Memory Usage (473548K) : Extraction of NMOS-HV transistor
2026-08-03 22:26:13 +0200: Memory Usage (473548K) : Starting PMOS EXTRACTION
2026-08-03 22:26:13 +0200: Memory Usage (473548K) : Extraction of PMOS-LV transistor
2026-08-03 22:26:13 +0200: Memory Usage (474676K) : Extraction of PMOS-HV transistor
2026-08-03 22:26:13 +0200: Memory Usage (474676K) : Starting RF-MOSFET EXTRACTION
2026-08-03 22:26:13 +0200: Memory Usage (474676K) : Extraction of RF-NMOS-LV transistor
2026-08-03 22:26:13 +0200: Memory Usage (474676K) : Extraction of RF-NMOS-HV transistor
2026-08-03 22:26:13 +0200: Memory Usage (474940K) : Extraction of RF-PMOS-LV transistor
2026-08-03 22:26:13 +0200: Memory Usage (474940K) : Extraction of RF-PMOS-HV transistor
2026-08-03 22:26:13 +0200: Memory Usage (474940K) : Starting BJT EXTRACTION
2026-08-03 22:26:13 +0200: Memory Usage (474940K) : Starting NPN-BJT EXTRACTION
2026-08-03 22:26:13 +0200: Memory Usage (474940K) : Extraction of npn13G2 BJT transistor
2026-08-03 22:26:13 +0200: Memory Usage (474940K) : Extraction of npn13G2L BJT transistor
2026-08-03 22:26:13 +0200: Memory Usage (475204K) : Extraction of npn13G2V BJT transistor
2026-08-03 22:26:13 +0200: Memory Usage (475204K) : Starting PNP-BJT EXTRACTION
2026-08-03 22:26:13 +0200: Memory Usage (475204K) : Extracting pnpMPA BJT
2026-08-03 22:26:13 +0200: Memory Usage (475468K) : Starting DIODE EXTRACTION
2026-08-03 22:26:13 +0200: Memory Usage (475468K) : Extracting dantenna diode
2026-08-03 22:26:13 +0200: Memory Usage (475468K) : Extracting dpantenna diode
2026-08-03 22:26:13 +0200: Memory Usage (475468K) : Extracting schottky_nbl1 diode
2026-08-03 22:26:13 +0200: Memory Usage (475732K) : Extracting isolbox diode
2026-08-03 22:26:13 +0200: Memory Usage (475732K) : Starting RESISTOR EXTRACTION
2026-08-03 22:26:13 +0200: Memory Usage (475732K) : Extracting rsil resistor
2026-08-03 22:26:13 +0200: Memory Usage (475732K) : Extracting rppd resistor
2026-08-03 22:26:13 +0200: Memory Usage (475996K) : Extracting rhigh resistor
2026-08-03 22:26:13 +0200: Memory Usage (475996K) : Extracting res_metal1 resistor
2026-08-03 22:26:13 +0200: Memory Usage (476260K) : Extracting res_metal2 resistor
2026-08-03 22:26:13 +0200: Memory Usage (476260K) : Extracting res_metal3 resistor
2026-08-03 22:26:13 +0200: Memory Usage (476260K) : Extracting res_metal4 resistor
2026-08-03 22:26:13 +0200: Memory Usage (476260K) : Extracting res_metal5 resistor
2026-08-03 22:26:13 +0200: Memory Usage (476640K) : Extracting res_topmetal1 resistor
2026-08-03 22:26:13 +0200: Memory Usage (476640K) : Extracting res_topmetal2 resistor
2026-08-03 22:26:13 +0200: Memory Usage (476640K) : Starting CAP EXTRACTION
2026-08-03 22:26:13 +0200: Memory Usage (476640K) : Extracting cap_cmim device
2026-08-03 22:26:13 +0200: Memory Usage (476640K) : Extracting rfcmim device
2026-08-03 22:26:13 +0200: Memory Usage (476904K) : Extracting sg13_hv_svaricap varactor
2026-08-03 22:26:13 +0200: Memory Usage (476904K) : Starting ESD EXTRACTION
2026-08-03 22:26:13 +0200: Memory Usage (476904K) : Extracting diodevdd_2kv ESD device
2026-08-03 22:26:13 +0200: Memory Usage (477168K) : Extracting diodevdd_4kv ESD device
2026-08-03 22:26:13 +0200: Memory Usage (477432K) : Extracting diodevss_2kv ESD device
2026-08-03 22:26:13 +0200: Memory Usage (477432K) : Extracting diodevss_4kv ESD device
2026-08-03 22:26:13 +0200: Memory Usage (477696K) : Extracting idiodevdd_2kv ESD device
2026-08-03 22:26:13 +0200: Memory Usage (477960K) : Extracting idiodevdd_4kv ESD device
2026-08-03 22:26:13 +0200: Memory Usage (478224K) : Extracting idiodevss_2kv ESD device
2026-08-03 22:26:13 +0200: Memory Usage (478224K) : Extracting idiodevss_4kv ESD device
2026-08-03 22:26:13 +0200: Memory Usage (478488K) : Extracting nmoscl_2 ESD device
2026-08-03 22:26:13 +0200: Memory Usage (478752K) : Extracting nmoscl_4 ESD device
2026-08-03 22:26:13 +0200: Memory Usage (478752K) : Starting Inductor EXTRACTION
2026-08-03 22:26:13 +0200: Memory Usage (478752K) : Extracting Inductor2 device
2026-08-03 22:26:13 +0200: Memory Usage (478752K) : Extracting Inductor3 device
2026-08-03 22:26:13 +0200: Memory Usage (479016K) : Starting Taps EXTRACTION
2026-08-03 22:26:13 +0200: Memory Usage (479016K) : Extracting ntap1 device
2026-08-03 22:26:13 +0200: Memory Usage (479016K) : Extracting ptap1 device
2026-08-03 22:26:13 +0200: Memory Usage (479016K) : Starting SG13G2 LVS RF MOS Model Mapping
2026-08-03 22:26:13 +0200: Memory Usage (479280K) : [layout_netlist] Apply RF MOS model mapping and rfmode parameter.
2026-08-03 22:26:13 +0200: Memory Usage (479280K) : Starting SG13G2 LVS Options Preparations
2026-08-03 22:26:13 +0200: Memory Usage (479280K) : SG13G2 LVS flow: extraction -> alignment -> option preparation -> comparison.
2026-08-03 22:26:13 +0200: Memory Usage (479280K) : Starting SG13G2 LVS Alignment
2026-08-03 22:26:13 +0200: Memory Usage (479280K) : Starting SG13G2 LVS Simplification
2026-08-03 22:26:13 +0200: Memory Usage (479280K) : [layout_netlist] simplify: ENABLED
2026-08-03 22:26:13 +0200: Memory Usage (479280K) : [layout_netlist] make_top_level_pins: SKIPPED
2026-08-03 22:26:13 +0200: Memory Usage (479280K) : [layout_netlist] combine_devices: SKIPPED
2026-08-03 22:26:13 +0200: Memory Usage (479280K) : [layout_netlist] purge: SKIPPED
2026-08-03 22:26:13 +0200: Memory Usage (479280K) : [layout_netlist] purge_nets: SKIPPED
2026-08-03 22:26:13 +0200: Memory Usage (479280K) : [schematic_netlist] simplify: ENABLED
2026-08-03 22:26:13 +0200: Memory Usage (479280K) : [schematic_netlist] make_top_level_pins: SKIPPED
2026-08-03 22:26:13 +0200: Memory Usage (479280K) : [schematic_netlist] combine_devices: SKIPPED
2026-08-03 22:26:13 +0200: Memory Usage (479280K) : [schematic_netlist] purge: SKIPPED
2026-08-03 22:26:13 +0200: Memory Usage (479280K) : [schematic_netlist] purge_nets: SKIPPED
2026-08-03 22:26:13 +0200: Memory Usage (479280K) : Starting SG13G2 LVS Comparison in strict port mode.
2026-08-03 22:26:13 +0200: Memory Usage (479280K) : flag_missing_ports enabled: missing/mislabeled top-level ports are treated as errors.
2026-08-03 22:26:13 +0200: Memory Usage (479280K) : xxxxxxxxxxxxxxxxxxxxxxxxxxxxxxxxxxxxxxxxxx
2026-08-03 22:26:13 +0200: Memory Usage (479280K) : ERROR : Netlists don't match
2026-08-03 22:26:13 +0200: Memory Usage (479280K) : xxxxxxxxxxxxxxxxxxxxxxxxxxxxxxxxxxxxxxxxxx
2026-08-03 22:26:13 +0200: Memory Usage (479280K) : LVS Total Run time 0.833898 seconds
