# Logfile created on 2026-08-03 22:24:56 +0200 by logger.rb/v1.4.3
2026-08-03 22:24:56 +0200: Memory Usage (439972K) : Starting running SG13G2 Klayout LVS runset on /projects/designs/github/glow_sg13g2/cells/NOR2_D4/NOR2_D4.gds
2026-08-03 22:24:56 +0200: Memory Usage (439972K) : Ruby Version for klayout: 3.0.2
2026-08-03 22:24:56 +0200: Memory Usage (439972K) : Loading database to memory is complete.
2026-08-03 22:24:56 +0200: Memory Usage (439972K) : SG13G2 Klayout LVS runset output at: /projects/designs/github/glow_sg13g2/cells/NOR2_D4/lvs_run_NOR2_D4_2026_08_03_22_24_54/NOR2_D4.lvsdb
2026-08-03 22:24:56 +0200: Memory Usage (439972K) : Evaluate switches.
2026-08-03 22:24:56 +0200: Memory Usage (439972K) : Extracted netlist with net names: true
2026-08-03 22:24:56 +0200: Memory Usage (439972K) : Extracted netlist with comments in details: false
2026-08-03 22:24:56 +0200: Memory Usage (439972K) : Selected NET_ONLY option: true
2026-08-03 22:24:56 +0200: Memory Usage (439972K) : Selected LAYOUT_NETLIST option: (none)
2026-08-03 22:24:56 +0200: Memory Usage (439972K) : Selected IGNORE_TOP_PORTS_MISMATCH option: 
2026-08-03 22:24:56 +0200: Memory Usage (439972K) : Selected IMPLICIT_NETS option: (none)
2026-08-03 22:24:56 +0200: Memory Usage (439972K) : Selected TOP_LVL_PINS option: false
2026-08-03 22:24:56 +0200: Memory Usage (439972K) : Selected COMBINE DEVICES option: false
2026-08-03 22:24:56 +0200: Memory Usage (439972K) : Selected PURGE option: false
2026-08-03 22:24:56 +0200: Memory Usage (439972K) : Selected PURGE_NETS option: false
2026-08-03 22:24:56 +0200: Memory Usage (439972K) : Selected SIMPLIFY option: true
2026-08-03 22:24:56 +0200: Memory Usage (439972K) : Selected SERIES_RES option: true
2026-08-03 22:24:56 +0200: Memory Usage (439972K) : Selected PARALLEL_RES option: true
2026-08-03 22:24:56 +0200: Memory Usage (439972K) : flat  mode is enabled.
2026-08-03 22:24:56 +0200: Memory Usage (439972K) : LVS extracted netlist at: /projects/designs/github/glow_sg13g2/cells/NOR2_D4/lvs_run_NOR2_D4_2026_08_03_22_24_54/NOR2_D4_extracted.cir
2026-08-03 22:24:56 +0200: Memory Usage (439972K) : Applying SRAM integration support.
2026-08-03 22:24:56 +0200: Memory Usage (439972K) : Starting SG13G2 LVS runset
2026-08-03 22:24:56 +0200: Memory Usage (439972K) : Read in polygons from layers.
2026-08-03 22:24:56 +0200: Memory Usage (439972K) : activ_drw has 2 polygons
2026-08-03 22:24:56 +0200: Memory Usage (439972K) : activ_filler has 0 polygons
2026-08-03 22:24:56 +0200: Memory Usage (439972K) : activ has 2 polygons
2026-08-03 22:24:56 +0200: Memory Usage (439972K) : activ_pin has 0 polygons
2026-08-03 22:24:56 +0200: Memory Usage (439972K) : activ_mask has 0 polygons
2026-08-03 22:24:56 +0200: Memory Usage (439972K) : activ_nofill has 0 polygons
2026-08-03 22:24:56 +0200: Memory Usage (439972K) : activ_OPC has 0 polygons
2026-08-03 22:24:56 +0200: Memory Usage (439972K) : activ_iOPC has 0 polygons
2026-08-03 22:24:56 +0200: Memory Usage (439972K) : activ_noqrc has 0 polygons
2026-08-03 22:24:56 +0200: Memory Usage (439972K) : biwind_drw has 0 polygons
2026-08-03 22:24:56 +0200: Memory Usage (439972K) : biwind_OPC has 0 polygons
2026-08-03 22:24:56 +0200: Memory Usage (439972K) : gatpoly_drw has 4 polygons
2026-08-03 22:24:56 +0200: Memory Usage (439972K) : gatpoly_filler has 0 polygons
2026-08-03 22:24:56 +0200: Memory Usage (439972K) : gatpoly has 4 polygons
2026-08-03 22:24:56 +0200: Memory Usage (439972K) : gatpoly_pin has 0 polygons
2026-08-03 22:24:56 +0200: Memory Usage (442340K) : gatpoly_nofill has 0 polygons
2026-08-03 22:24:56 +0200: Memory Usage (442340K) : gatpoly_OPC has 0 polygons
2026-08-03 22:24:56 +0200: Memory Usage (442604K) : gatpoly_iOPC has 0 polygons
2026-08-03 22:24:56 +0200: Memory Usage (442604K) : gatpoly_noqrc has 0 polygons
2026-08-03 22:24:56 +0200: Memory Usage (442868K) : cont_drw has 27 polygons
2026-08-03 22:24:56 +0200: Memory Usage (443132K) : cont_OPC has 0 polygons
2026-08-03 22:24:56 +0200: Memory Usage (443132K) : nsd_drw has 0 polygons
2026-08-03 22:24:56 +0200: Memory Usage (443132K) : nsd_block has 0 polygons
2026-08-03 22:24:56 +0200: Memory Usage (443132K) : metal1_drw has 5 polygons
2026-08-03 22:24:56 +0200: Memory Usage (443396K) : metal1_filler has 0 polygons
2026-08-03 22:24:56 +0200: Memory Usage (443660K) : metal1_slit has 0 polygons
2026-08-03 22:24:56 +0200: Memory Usage (443660K) : metal1 has 5 polygons
2026-08-03 22:24:56 +0200: Memory Usage (443924K) : metal1_pin has 5 polygons
2026-08-03 22:24:56 +0200: Memory Usage (443924K) : metal1_mask has 0 polygons
2026-08-03 22:24:56 +0200: Memory Usage (444188K) : metal1_nofill has 0 polygons
2026-08-03 22:24:56 +0200: Memory Usage (444188K) : metal1_text has 0 polygons
2026-08-03 22:24:56 +0200: Memory Usage (444188K) : metal1_OPC has 0 polygons
2026-08-03 22:24:56 +0200: Memory Usage (444512K) : metal1_noqrc has 0 polygons
2026-08-03 22:24:56 +0200: Memory Usage (444776K) : metal1_res has 0 polygons
2026-08-03 22:24:56 +0200: Memory Usage (444776K) : metal1_iprobe has 0 polygons
2026-08-03 22:24:56 +0200: Memory Usage (445040K) : metal1_diffprb has 0 polygons
2026-08-03 22:24:56 +0200: Memory Usage (445040K) : passiv_drw has 0 polygons
2026-08-03 22:24:56 +0200: Memory Usage (445304K) : passiv_pin has 0 polygons
2026-08-03 22:24:56 +0200: Memory Usage (445304K) : passiv_sbump has 0 polygons
2026-08-03 22:24:56 +0200: Memory Usage (445568K) : passiv_pillar has 0 polygons
2026-08-03 22:24:56 +0200: Memory Usage (445832K) : passiv_pdl has 0 polygons
2026-08-03 22:24:56 +0200: Memory Usage (445832K) : metal2_drw has 0 polygons
2026-08-03 22:24:56 +0200: Memory Usage (446096K) : metal2_filler has 0 polygons
2026-08-03 22:24:56 +0200: Memory Usage (446096K) : metal2_slit has 0 polygons
2026-08-03 22:24:56 +0200: Memory Usage (446360K) : metal2 has 0 polygons
2026-08-03 22:24:56 +0200: Memory Usage (446360K) : metal2_pin has 0 polygons
2026-08-03 22:24:56 +0200: Memory Usage (446624K) : metal2_mask has 0 polygons
2026-08-03 22:24:56 +0200: Memory Usage (446624K) : metal2_nofill has 0 polygons
2026-08-03 22:24:56 +0200: Memory Usage (446888K) : metal2_text has 0 polygons
2026-08-03 22:24:56 +0200: Memory Usage (446888K) : metal2_OPC has 0 polygons
2026-08-03 22:24:56 +0200: Memory Usage (447152K) : metal2_noqrc has 0 polygons
2026-08-03 22:24:56 +0200: Memory Usage (447152K) : metal2_res has 0 polygons
2026-08-03 22:24:56 +0200: Memory Usage (447416K) : metal2_iprobe has 0 polygons
2026-08-03 22:24:56 +0200: Memory Usage (447680K) : metal2_diffprb has 0 polygons
2026-08-03 22:24:56 +0200: Memory Usage (447680K) : baspoly_drw has 0 polygons
2026-08-03 22:24:56 +0200: Memory Usage (447944K) : baspoly_pin has 0 polygons
2026-08-03 22:24:56 +0200: Memory Usage (447944K) : psd_drw has 2 polygons
2026-08-03 22:24:56 +0200: Memory Usage (448208K) : nldb_drw has 0 polygons
2026-08-03 22:24:56 +0200: Memory Usage (448208K) : digibnd_drw has 0 polygons
2026-08-03 22:24:56 +0200: Memory Usage (448208K) : via1_drw has 0 polygons
2026-08-03 22:24:56 +0200: Memory Usage (448472K) : backmetal1_drw has 0 polygons
2026-08-03 22:24:56 +0200: Memory Usage (448736K) : backmetal1_pin has 0 polygons
2026-08-03 22:24:56 +0200: Memory Usage (448736K) : backmetal1_mask has 0 polygons
2026-08-03 22:24:56 +0200: Memory Usage (449000K) : backmetal1_filler has 0 polygons
2026-08-03 22:24:56 +0200: Memory Usage (449000K) : backmetal1_nofill has 0 polygons
2026-08-03 22:24:56 +0200: Memory Usage (449264K) : backmetal1_slit has 0 polygons
2026-08-03 22:24:56 +0200: Memory Usage (449264K) : backmetal1_text has 0 polygons
2026-08-03 22:24:56 +0200: Memory Usage (449528K) : backmetal1_OPC has 0 polygons
2026-08-03 22:24:56 +0200: Memory Usage (449528K) : backmetal1_noqrc has 0 polygons
2026-08-03 22:24:56 +0200: Memory Usage (449792K) : backmetal1_res has 0 polygons
2026-08-03 22:24:56 +0200: Memory Usage (449792K) : backmetal1_iprobe has 0 polygons
2026-08-03 22:24:56 +0200: Memory Usage (450056K) : backmetal1_diffprb has 0 polygons
2026-08-03 22:24:56 +0200: Memory Usage (450320K) : backpassiv_drw has 0 polygons
2026-08-03 22:24:56 +0200: Memory Usage (450320K) : res_drw has 0 polygons
2026-08-03 22:24:56 +0200: Memory Usage (450584K) : sram_drw has 0 polygons
2026-08-03 22:24:56 +0200: Memory Usage (450584K) : trans_drw has 0 polygons
2026-08-03 22:24:56 +0200: Memory Usage (450848K) : ind_drw has 0 polygons
2026-08-03 22:24:56 +0200: Memory Usage (450848K) : ind_pin has 0 polygons
2026-08-03 22:24:56 +0200: Memory Usage (451112K) : ind_text has 0 polygons
2026-08-03 22:24:56 +0200: Memory Usage (451112K) : salblock_drw has 0 polygons
2026-08-03 22:24:56 +0200: Memory Usage (451376K) : via2_drw has 0 polygons
2026-08-03 22:24:56 +0200: Memory Usage (451376K) : metal3_drw has 0 polygons
2026-08-03 22:24:56 +0200: Memory Usage (451640K) : metal3_filler has 0 polygons
2026-08-03 22:24:56 +0200: Memory Usage (451904K) : metal3_slit has 0 polygons
2026-08-03 22:24:56 +0200: Memory Usage (451904K) : metal3 has 0 polygons
2026-08-03 22:24:56 +0200: Memory Usage (452168K) : metal3_pin has 0 polygons
2026-08-03 22:24:56 +0200: Memory Usage (452168K) : metal3_mask has 0 polygons
2026-08-03 22:24:56 +0200: Memory Usage (452168K) : metal3_nofill has 0 polygons
2026-08-03 22:24:56 +0200: Memory Usage (452432K) : metal3_text has 0 polygons
2026-08-03 22:24:56 +0200: Memory Usage (452432K) : metal3_OPC has 0 polygons
2026-08-03 22:24:56 +0200: Memory Usage (452696K) : metal3_noqrc has 0 polygons
2026-08-03 22:24:56 +0200: Memory Usage (452696K) : metal3_res has 0 polygons
2026-08-03 22:24:56 +0200: Memory Usage (452960K) : metal3_iprobe has 0 polygons
2026-08-03 22:24:56 +0200: Memory Usage (453224K) : metal3_diffprb has 0 polygons
2026-08-03 22:24:56 +0200: Memory Usage (453224K) : nwell_drw has 1 polygons
2026-08-03 22:24:56 +0200: Memory Usage (453488K) : nwell_pin has 0 polygons
2026-08-03 22:24:56 +0200: Memory Usage (453488K) : nwell_text has 0 polygons
2026-08-03 22:24:56 +0200: Memory Usage (453752K) : nbulay_drw has 0 polygons
2026-08-03 22:24:56 +0200: Memory Usage (453752K) : nbulay_pin has 0 polygons
2026-08-03 22:24:56 +0200: Memory Usage (454016K) : nbulay_block has 0 polygons
2026-08-03 22:24:56 +0200: Memory Usage (454016K) : emwind_drw has 0 polygons
2026-08-03 22:24:56 +0200: Memory Usage (454280K) : emwind_OPC has 0 polygons
2026-08-03 22:24:56 +0200: Memory Usage (454280K) : deepco_drw has 0 polygons
2026-08-03 22:24:56 +0200: Memory Usage (454544K) : mim_drw has 0 polygons
2026-08-03 22:24:56 +0200: Memory Usage (454544K) : edgeseal_drw has 0 polygons
2026-08-03 22:24:56 +0200: Memory Usage (454808K) : substrate_drw has 0 polygons
2026-08-03 22:24:56 +0200: Memory Usage (454808K) : substrate_text has 0 polygons
2026-08-03 22:24:56 +0200: Memory Usage (455072K) : dfpad_drw has 0 polygons
2026-08-03 22:24:56 +0200: Memory Usage (455072K) : dfpad_pillar has 0 polygons
2026-08-03 22:24:56 +0200: Memory Usage (455336K) : dfpad_sbump has 0 polygons
2026-08-03 22:24:56 +0200: Memory Usage (455336K) : thickgateox_drw has 0 polygons
2026-08-03 22:24:56 +0200: Memory Usage (455600K) : pldb_drw has 0 polygons
2026-08-03 22:24:56 +0200: Memory Usage (455864K) : pwell_drw has 0 polygons
2026-08-03 22:24:56 +0200: Memory Usage (455864K) : pwell_pin has 0 polygons
2026-08-03 22:24:56 +0200: Memory Usage (456128K) : pwell_block has 0 polygons
2026-08-03 22:24:56 +0200: Memory Usage (456128K) : ic_drw has 0 polygons
2026-08-03 22:24:56 +0200: Memory Usage (456392K) : via3_drw has 0 polygons
2026-08-03 22:24:56 +0200: Memory Usage (456392K) : metal4_drw has 0 polygons
2026-08-03 22:24:56 +0200: Memory Usage (456656K) : metal4_filler has 0 polygons
2026-08-03 22:24:56 +0200: Memory Usage (456920K) : metal4_slit has 0 polygons
2026-08-03 22:24:56 +0200: Memory Usage (456920K) : metal4 has 0 polygons
2026-08-03 22:24:56 +0200: Memory Usage (457184K) : metal4_pin has 0 polygons
2026-08-03 22:24:56 +0200: Memory Usage (457184K) : metal4_mask has 0 polygons
2026-08-03 22:24:56 +0200: Memory Usage (457448K) : metal4_nofill has 0 polygons
2026-08-03 22:24:56 +0200: Memory Usage (457448K) : metal4_text has 0 polygons
2026-08-03 22:24:56 +0200: Memory Usage (457448K) : metal4_OPC has 0 polygons
2026-08-03 22:24:56 +0200: Memory Usage (457448K) : metal4_noqrc has 0 polygons
2026-08-03 22:24:56 +0200: Memory Usage (457712K) : metal4_res has 0 polygons
2026-08-03 22:24:56 +0200: Memory Usage (457712K) : metal4_iprobe has 0 polygons
2026-08-03 22:24:56 +0200: Memory Usage (457712K) : metal4_diffprb has 0 polygons
2026-08-03 22:24:56 +0200: Memory Usage (457976K) : heattrans_drw has 0 polygons
2026-08-03 22:24:56 +0200: Memory Usage (458240K) : heatres_drw has 0 polygons
2026-08-03 22:24:56 +0200: Memory Usage (458240K) : fbe_drw has 0 polygons
2026-08-03 22:24:56 +0200: Memory Usage (458504K) : empoly_drw has 0 polygons
2026-08-03 22:24:56 +0200: Memory Usage (458504K) : digisub_drw has 0 polygons
2026-08-03 22:24:56 +0200: Memory Usage (458768K) : text_drw has 0 polygons
2026-08-03 22:24:56 +0200: Memory Usage (458768K) : via4_drw has 0 polygons
2026-08-03 22:24:56 +0200: Memory Usage (459032K) : metal5_drw has 0 polygons
2026-08-03 22:24:56 +0200: Memory Usage (459032K) : metal5_filler has 0 polygons
2026-08-03 22:24:56 +0200: Memory Usage (459296K) : metal5_slit has 0 polygons
2026-08-03 22:24:56 +0200: Memory Usage (459296K) : metal5 has 0 polygons
2026-08-03 22:24:56 +0200: Memory Usage (459560K) : metal5_pin has 0 polygons
2026-08-03 22:24:56 +0200: Memory Usage (459560K) : metal5_mask has 0 polygons
2026-08-03 22:24:56 +0200: Memory Usage (459824K) : metal5_nofill has 0 polygons
2026-08-03 22:24:56 +0200: Memory Usage (459824K) : metal5_text has 0 polygons
2026-08-03 22:24:56 +0200: Memory Usage (460088K) : metal5_OPC has 0 polygons
2026-08-03 22:24:56 +0200: Memory Usage (460088K) : metal5_noqrc has 0 polygons
2026-08-03 22:24:56 +0200: Memory Usage (460352K) : metal5_res has 0 polygons
2026-08-03 22:24:56 +0200: Memory Usage (460616K) : metal5_iprobe has 0 polygons
2026-08-03 22:24:56 +0200: Memory Usage (460616K) : metal5_diffprb has 0 polygons
2026-08-03 22:24:56 +0200: Memory Usage (460880K) : radhard_drw has 0 polygons
2026-08-03 22:24:56 +0200: Memory Usage (460880K) : memcap_drw has 0 polygons
2026-08-03 22:24:56 +0200: Memory Usage (461144K) : varicap_drw has 0 polygons
2026-08-03 22:24:56 +0200: Memory Usage (461144K) : intbondvia_drw has 0 polygons
2026-08-03 22:24:56 +0200: Memory Usage (461408K) : intbondmet_drw has 0 polygons
2026-08-03 22:24:56 +0200: Memory Usage (461672K) : devbondvia_drw has 0 polygons
2026-08-03 22:24:56 +0200: Memory Usage (461672K) : devbondmet_drw has 0 polygons
2026-08-03 22:24:56 +0200: Memory Usage (461936K) : devtrench_drw has 0 polygons
2026-08-03 22:24:56 +0200: Memory Usage (461936K) : redist_drw has 0 polygons
2026-08-03 22:24:56 +0200: Memory Usage (462200K) : graphbot_drw has 0 polygons
2026-08-03 22:24:56 +0200: Memory Usage (462464K) : graphtop_drw has 0 polygons
2026-08-03 22:24:56 +0200: Memory Usage (462464K) : antvia1_drw has 0 polygons
2026-08-03 22:24:56 +0200: Memory Usage (462728K) : antmetal2_drw has 0 polygons
2026-08-03 22:24:56 +0200: Memory Usage (462728K) : graphcont_drw has 0 polygons
2026-08-03 22:24:56 +0200: Memory Usage (462992K) : siwg_drw has 0 polygons
2026-08-03 22:24:56 +0200: Memory Usage (462992K) : siwg_filler has 0 polygons
2026-08-03 22:24:56 +0200: Memory Usage (463256K) : siwg_nofill has 0 polygons
2026-08-03 22:24:56 +0200: Memory Usage (463520K) : sigrating_drw has 0 polygons
2026-08-03 22:24:56 +0200: Memory Usage (463520K) : singrating_drw has 0 polygons
2026-08-03 22:24:56 +0200: Memory Usage (463784K) : graphpas_drw has 0 polygons
2026-08-03 22:24:56 +0200: Memory Usage (463784K) : emwind3_drw has 0 polygons
2026-08-03 22:24:56 +0200: Memory Usage (464048K) : emwihv3_drw has 0 polygons
2026-08-03 22:24:56 +0200: Memory Usage (464048K) : redbulay_drw has 0 polygons
2026-08-03 22:24:56 +0200: Memory Usage (464312K) : smos_drw has 0 polygons
2026-08-03 22:24:56 +0200: Memory Usage (464576K) : graphpad_drw has 0 polygons
2026-08-03 22:24:56 +0200: Memory Usage (464576K) : polimide_drw has 0 polygons
2026-08-03 22:24:56 +0200: Memory Usage (464840K) : polimide_pin has 0 polygons
2026-08-03 22:24:56 +0200: Memory Usage (464840K) : recog_drw has 0 polygons
2026-08-03 22:24:56 +0200: Memory Usage (465104K) : recog_pin has 0 polygons
2026-08-03 22:24:56 +0200: Memory Usage (465368K) : recog_esd has 0 polygons
2026-08-03 22:24:56 +0200: Memory Usage (465368K) : recog_diode has 0 polygons
2026-08-03 22:24:56 +0200: Memory Usage (465632K) : recog_tsv has 0 polygons
2026-08-03 22:24:56 +0200: Memory Usage (465632K) : recog_iprobe has 0 polygons
2026-08-03 22:24:56 +0200: Memory Usage (465896K) : recog_diffprb has 0 polygons
2026-08-03 22:24:56 +0200: Memory Usage (465896K) : recog_pillar has 0 polygons
2026-08-03 22:24:56 +0200: Memory Usage (466160K) : recog_sbump has 0 polygons
2026-08-03 22:24:56 +0200: Memory Usage (466424K) : recog_otp has 0 polygons
2026-08-03 22:24:56 +0200: Memory Usage (466424K) : recog_pdiode has 0 polygons
2026-08-03 22:24:56 +0200: Memory Usage (466688K) : recog_mom has 0 polygons
2026-08-03 22:24:56 +0200: Memory Usage (466688K) : recog_pcm has 0 polygons
2026-08-03 22:24:56 +0200: Memory Usage (466952K) : colopen_drw has 0 polygons
2026-08-03 22:24:56 +0200: Memory Usage (466952K) : graphmetal1_drw has 0 polygons
2026-08-03 22:24:56 +0200: Memory Usage (467216K) : graphmetal1_filler has 0 polygons
2026-08-03 22:24:56 +0200: Memory Usage (467480K) : graphmetal1_nofill has 0 polygons
2026-08-03 22:24:56 +0200: Memory Usage (467480K) : graphmetal1_slit has 0 polygons
2026-08-03 22:24:56 +0200: Memory Usage (467744K) : graphmetal1_OPC has 0 polygons
2026-08-03 22:24:56 +0200: Memory Usage (467744K) : graphmet1l_drw has 0 polygons
2026-08-03 22:24:56 +0200: Memory Usage (468008K) : graphmet1l_filler has 0 polygons
2026-08-03 22:24:56 +0200: Memory Usage (468008K) : graphmet1l_nofill has 0 polygons
2026-08-03 22:24:56 +0200: Memory Usage (468272K) : graphmet1l_slit has 0 polygons
2026-08-03 22:24:56 +0200: Memory Usage (468536K) : graphmet1l_OPC has 0 polygons
2026-08-03 22:24:56 +0200: Memory Usage (468536K) : extblock_drw has 0 polygons
2026-08-03 22:24:56 +0200: Memory Usage (468800K) : nldd_drw has 0 polygons
2026-08-03 22:24:56 +0200: Memory Usage (468800K) : pldd_drw has 0 polygons
2026-08-03 22:24:56 +0200: Memory Usage (469064K) : next_drw has 0 polygons
2026-08-03 22:24:56 +0200: Memory Usage (469328K) : pext_drw has 0 polygons
2026-08-03 22:24:56 +0200: Memory Usage (469328K) : nexthv_drw has 0 polygons
2026-08-03 22:24:56 +0200: Memory Usage (469592K) : pexthv_drw has 0 polygons
2026-08-03 22:24:56 +0200: Memory Usage (469592K) : graphgate_drw has 0 polygons
2026-08-03 22:24:56 +0200: Memory Usage (469856K) : sinwg_drw has 0 polygons
2026-08-03 22:24:56 +0200: Memory Usage (469856K) : sinwg_filler has 0 polygons
2026-08-03 22:24:56 +0200: Memory Usage (470120K) : sinwg_nofill has 0 polygons
2026-08-03 22:24:56 +0200: Memory Usage (470384K) : mempad_drw has 0 polygons
2026-08-03 22:24:56 +0200: Memory Usage (470384K) : topvia1_drw has 0 polygons
2026-08-03 22:24:56 +0200: Memory Usage (470648K) : topmetal1_drw has 0 polygons
2026-08-03 22:24:56 +0200: Memory Usage (470648K) : topmetal1_filler has 0 polygons
2026-08-03 22:24:56 +0200: Memory Usage (470912K) : topmetal1_slit has 0 polygons
2026-08-03 22:24:56 +0200: Memory Usage (470912K) : topmetal1 has 0 polygons
2026-08-03 22:24:56 +0200: Memory Usage (471176K) : topmetal1_pin has 0 polygons
2026-08-03 22:24:56 +0200: Memory Usage (471440K) : topmetal1_mask has 0 polygons
2026-08-03 22:24:56 +0200: Memory Usage (471440K) : topmetal1_nofill has 0 polygons
2026-08-03 22:24:56 +0200: Memory Usage (471440K) : topmetal1_text has 0 polygons
2026-08-03 22:24:56 +0200: Memory Usage (471704K) : topmetal1_noqrc has 0 polygons
2026-08-03 22:24:56 +0200: Memory Usage (471968K) : topmetal1_res has 0 polygons
2026-08-03 22:24:56 +0200: Memory Usage (471968K) : topmetal1_iprobe has 0 polygons
2026-08-03 22:24:56 +0200: Memory Usage (472232K) : topmetal1_diffprb has 0 polygons
2026-08-03 22:24:56 +0200: Memory Usage (472232K) : inldpwl_drw has 0 polygons
2026-08-03 22:24:56 +0200: Memory Usage (472496K) : polyres_drw has 0 polygons
2026-08-03 22:24:56 +0200: Memory Usage (472496K) : polyres_pin has 0 polygons
2026-08-03 22:24:56 +0200: Memory Usage (472760K) : vmim_drw has 0 polygons
2026-08-03 22:24:56 +0200: Memory Usage (473024K) : nbulaycut_drw has 0 polygons
2026-08-03 22:24:56 +0200: Memory Usage (473024K) : antmetal1_drw has 0 polygons
2026-08-03 22:24:56 +0200: Memory Usage (473288K) : topvia2_drw has 0 polygons
2026-08-03 22:24:56 +0200: Memory Usage (473288K) : topmetal2_drw has 0 polygons
2026-08-03 22:24:56 +0200: Memory Usage (473552K) : topmetal2_filler has 0 polygons
2026-08-03 22:24:56 +0200: Memory Usage (473552K) : topmetal2_slit has 0 polygons
2026-08-03 22:24:56 +0200: Memory Usage (473816K) : topmetal2 has 0 polygons
2026-08-03 22:24:56 +0200: Memory Usage (474080K) : topmetal2_pin has 0 polygons
2026-08-03 22:24:56 +0200: Memory Usage (474080K) : topmetal2_mask has 0 polygons
2026-08-03 22:24:56 +0200: Memory Usage (474344K) : topmetal2_nofill has 0 polygons
2026-08-03 22:24:56 +0200: Memory Usage (474344K) : topmetal2_text has 0 polygons
2026-08-03 22:24:56 +0200: Memory Usage (474608K) : topmetal2_noqrc has 0 polygons
2026-08-03 22:24:56 +0200: Memory Usage (474608K) : topmetal2_res has 0 polygons
2026-08-03 22:24:56 +0200: Memory Usage (474872K) : topmetal2_iprobe has 0 polygons
2026-08-03 22:24:56 +0200: Memory Usage (474872K) : topmetal2_diffprb has 0 polygons
2026-08-03 22:24:56 +0200: Memory Usage (475136K) : snsring_drw has 0 polygons
2026-08-03 22:24:56 +0200: Memory Usage (475136K) : sensor_drw has 0 polygons
2026-08-03 22:24:56 +0200: Memory Usage (475400K) : snsarms_drw has 0 polygons
2026-08-03 22:24:56 +0200: Memory Usage (475664K) : snscmosvia_drw has 0 polygons
2026-08-03 22:24:56 +0200: Memory Usage (475664K) : colwind_drw has 0 polygons
2026-08-03 22:24:56 +0200: Memory Usage (475928K) : flm_drw has 0 polygons
2026-08-03 22:24:56 +0200: Memory Usage (475928K) : hafniumox_drw has 0 polygons
2026-08-03 22:24:56 +0200: Memory Usage (476192K) : memvia_drw has 0 polygons
2026-08-03 22:24:56 +0200: Memory Usage (476192K) : thinfilmres_drw has 0 polygons
2026-08-03 22:24:56 +0200: Memory Usage (476456K) : rfmem_drw has 0 polygons
2026-08-03 22:24:56 +0200: Memory Usage (476720K) : norcx_drw has 0 polygons
2026-08-03 22:24:56 +0200: Memory Usage (476720K) : norcx_m2m3 has 0 polygons
2026-08-03 22:24:56 +0200: Memory Usage (476984K) : norcx_m2m4 has 0 polygons
2026-08-03 22:24:56 +0200: Memory Usage (476984K) : norcx_m2m5 has 0 polygons
2026-08-03 22:24:56 +0200: Memory Usage (477248K) : norcx_m2tm1 has 0 polygons
2026-08-03 22:24:56 +0200: Memory Usage (477248K) : norcx_m2tm2 has 0 polygons
2026-08-03 22:24:56 +0200: Memory Usage (477512K) : norcx_m3m4 has 0 polygons
2026-08-03 22:24:56 +0200: Memory Usage (477776K) : norcx_m3m5 has 0 polygons
2026-08-03 22:24:56 +0200: Memory Usage (477776K) : norcx_m3tm1 has 0 polygons
2026-08-03 22:24:56 +0200: Memory Usage (478040K) : norcx_m3tm2 has 0 polygons
2026-08-03 22:24:56 +0200: Memory Usage (478040K) : norcx_m4m5 has 0 polygons
2026-08-03 22:24:56 +0200: Memory Usage (478304K) : norcx_m4tm1 has 0 polygons
2026-08-03 22:24:56 +0200: Memory Usage (478568K) : norcx_m4tm2 has 0 polygons
2026-08-03 22:24:56 +0200: Memory Usage (478568K) : norcx_m5tm1 has 0 polygons
2026-08-03 22:24:56 +0200: Memory Usage (478832K) : norcx_m5tm2 has 0 polygons
2026-08-03 22:24:56 +0200: Memory Usage (478832K) : norcx_tm1tm2 has 0 polygons
2026-08-03 22:24:56 +0200: Memory Usage (479096K) : norcx_m1sub has 0 polygons
2026-08-03 22:24:56 +0200: Memory Usage (479096K) : norcx_m2sub has 0 polygons
2026-08-03 22:24:56 +0200: Memory Usage (479360K) : norcx_m3sub has 0 polygons
2026-08-03 22:24:56 +0200: Memory Usage (479624K) : norcx_m4sub has 0 polygons
2026-08-03 22:24:56 +0200: Memory Usage (479624K) : norcx_m5sub has 0 polygons
2026-08-03 22:24:56 +0200: Memory Usage (479888K) : norcx_tm1sub has 0 polygons
2026-08-03 22:24:56 +0200: Memory Usage (479888K) : norcx_tm2sub has 0 polygons
2026-08-03 22:24:56 +0200: Memory Usage (480152K) : snsbotvia_drw has 0 polygons
2026-08-03 22:24:56 +0200: Memory Usage (480152K) : snstopvia_drw has 0 polygons
2026-08-03 22:24:56 +0200: Memory Usage (480416K) : deepvia_drw has 0 polygons
2026-08-03 22:24:56 +0200: Memory Usage (480680K) : fgetch_drw has 0 polygons
2026-08-03 22:24:56 +0200: Memory Usage (480680K) : ctrgat_drw has 0 polygons
2026-08-03 22:24:56 +0200: Memory Usage (480944K) : fgimp_drw has 0 polygons
2026-08-03 22:24:56 +0200: Memory Usage (480944K) : emwihv_drw has 0 polygons
2026-08-03 22:24:56 +0200: Memory Usage (481208K) : lbe_drw has 0 polygons
2026-08-03 22:24:56 +0200: Memory Usage (481208K) : alcustop_drw has 0 polygons
2026-08-03 22:24:56 +0200: Memory Usage (481472K) : nometfiller_drw has 0 polygons
2026-08-03 22:24:56 +0200: Memory Usage (481736K) : prboundary_drw has 1 polygons
2026-08-03 22:24:56 +0200: Memory Usage (481736K) : exchange0_drw has 0 polygons
2026-08-03 22:24:56 +0200: Memory Usage (482000K) : exchange0_pin has 0 polygons
2026-08-03 22:24:56 +0200: Memory Usage (482000K) : exchange0_text has 0 polygons
2026-08-03 22:24:56 +0200: Memory Usage (482264K) : exchange1_drw has 0 polygons
2026-08-03 22:24:56 +0200: Memory Usage (482264K) : exchange1_pin has 0 polygons
2026-08-03 22:24:56 +0200: Memory Usage (482264K) : exchange1_text has 0 polygons
2026-08-03 22:24:56 +0200: Memory Usage (482528K) : exchange2_drw has 0 polygons
2026-08-03 22:24:56 +0200: Memory Usage (482792K) : exchange2_pin has 0 polygons
2026-08-03 22:24:56 +0200: Memory Usage (482792K) : exchange2_text has 0 polygons
2026-08-03 22:24:56 +0200: Memory Usage (482792K) : exchange3_drw has 0 polygons
2026-08-03 22:24:56 +0200: Memory Usage (483056K) : exchange3_pin has 0 polygons
2026-08-03 22:24:56 +0200: Memory Usage (483056K) : exchange3_text has 0 polygons
2026-08-03 22:24:56 +0200: Memory Usage (483056K) : exchange4_drw has 0 polygons
2026-08-03 22:24:56 +0200: Memory Usage (483056K) : exchange4_pin has 0 polygons
2026-08-03 22:24:56 +0200: Memory Usage (483056K) : exchange4_text has 0 polygons
2026-08-03 22:24:56 +0200: Memory Usage (483056K) : isonwell_drw has 0 polygons
2026-08-03 22:24:56 +0200: Memory Usage (483056K) : Total no. of polygons in the design is 47
2026-08-03 22:24:56 +0200: Memory Usage (483056K) : Starting base layers derivations
2026-08-03 22:24:56 +0200: Memory Usage (483056K) : Starting general LVS derivations
2026-08-03 22:24:56 +0200: Memory Usage (484124K) : Starting MOSFET DERIVATIONS
2026-08-03 22:24:56 +0200: Memory Usage (484124K) : Starting NMOS DERIVATIONS
2026-08-03 22:24:56 +0200: Memory Usage (484124K) : Starting PMOS DERIVATIONS
2026-08-03 22:24:56 +0200: Memory Usage (484124K) : Starting RF-MOSFET DERIVATIONS
2026-08-03 22:24:56 +0200: Memory Usage (484124K) : Starting RF-NMOS DERIVATIONS
2026-08-03 22:24:56 +0200: Memory Usage (484124K) : Starting RF-PMOS DERIVATIONS
2026-08-03 22:24:56 +0200: Memory Usage (484124K) : Starting BJT DERIVATIONS
2026-08-03 22:24:56 +0200: Memory Usage (484124K) : Starting NPN-BJT DERIVATIONS
2026-08-03 22:24:56 +0200: Memory Usage (446320K) : Starting PNP-BJT DERIVATIONS
2026-08-03 22:24:56 +0200: Memory Usage (446320K) : Starting DIODE DERIVATIONS
2026-08-03 22:24:56 +0200: Memory Usage (446844K) : Starting RESISTOR DERIVATIONS
2026-08-03 22:24:56 +0200: Memory Usage (450804K) : Starting CAP DERIVATIONS
2026-08-03 22:24:56 +0200: Memory Usage (454500K) : Starting ESD DERIVATIONS
2026-08-03 22:24:57 +0200: Memory Usage (466116K) : Starting Inductor DERIVATIONS
2026-08-03 22:24:57 +0200: Memory Usage (470604K) : Starting Taps DERIVATIONS
2026-08-03 22:24:57 +0200: Memory Usage (472188K) : Starting SG13G2 LVS connectivity setup
2026-08-03 22:24:57 +0200: Memory Usage (472188K) : Starting SG13G2 LVS connectivity setup (Inter-layer)
2026-08-03 22:24:57 +0200: Memory Usage (472188K) : Starting SG13G2 LVS connectivity setup (Global)
2026-08-03 22:24:57 +0200: Memory Usage (472188K) : Starting LVS MOSFET CONNECTIONS
2026-08-03 22:24:57 +0200: Memory Usage (472188K) : Starting LVS RF-MOSFET CONNECTIONS
2026-08-03 22:24:57 +0200: Memory Usage (472188K) : Starting LVS BJT CONNECTIONS
2026-08-03 22:24:57 +0200: Memory Usage (472188K) : Starting LVS DIODE CONNECTIONS
2026-08-03 22:24:57 +0200: Memory Usage (472188K) : Starting RESISTOR CONNECTIONS
2026-08-03 22:24:57 +0200: Memory Usage (472188K) : Starting LVS CAP CONNECTIONS
2026-08-03 22:24:57 +0200: Memory Usage (472188K) : Starting ESD CONNECTIONS
2026-08-03 22:24:57 +0200: Memory Usage (472188K) : Starting Inductor CONNECTIONS
2026-08-03 22:24:57 +0200: Memory Usage (472188K) : Starting LVS Taps CONNECTIONS
2026-08-03 22:24:57 +0200: Memory Usage (472188K) : Starting SG13G2 LVS DEVICES EXTRACTION
2026-08-03 22:24:57 +0200: Memory Usage (472188K) : Starting MOSFET EXTRACTION
2026-08-03 22:24:57 +0200: Memory Usage (472188K) : Starting NMOS EXTRACTION
2026-08-03 22:24:57 +0200: Memory Usage (472188K) : Extraction of NMOS-LV transistor
2026-08-03 22:24:57 +0200: Memory Usage (472188K) : Extraction of NMOS-HV transistor
2026-08-03 22:24:57 +0200: Memory Usage (473496K) : Starting PMOS EXTRACTION
2026-08-03 22:24:57 +0200: Memory Usage (473496K) : Extraction of PMOS-LV transistor
2026-08-03 22:24:57 +0200: Memory Usage (473496K) : Extraction of PMOS-HV transistor
2026-08-03 22:24:57 +0200: Memory Usage (473496K) : Starting RF-MOSFET EXTRACTION
2026-08-03 22:24:57 +0200: Memory Usage (473496K) : Extraction of RF-NMOS-LV transistor
2026-08-03 22:24:57 +0200: Memory Usage (473496K) : Extraction of RF-NMOS-HV transistor
2026-08-03 22:24:57 +0200: Memory Usage (473760K) : Extraction of RF-PMOS-LV transistor
2026-08-03 22:24:57 +0200: Memory Usage (473760K) : Extraction of RF-PMOS-HV transistor
2026-08-03 22:24:57 +0200: Memory Usage (473760K) : Starting BJT EXTRACTION
2026-08-03 22:24:57 +0200: Memory Usage (473760K) : Starting NPN-BJT EXTRACTION
2026-08-03 22:24:57 +0200: Memory Usage (473760K) : Extraction of npn13G2 BJT transistor
2026-08-03 22:24:57 +0200: Memory Usage (473760K) : Extraction of npn13G2L BJT transistor
2026-08-03 22:24:57 +0200: Memory Usage (474024K) : Extraction of npn13G2V BJT transistor
2026-08-03 22:24:57 +0200: Memory Usage (474024K) : Starting PNP-BJT EXTRACTION
2026-08-03 22:24:57 +0200: Memory Usage (474024K) : Extracting pnpMPA BJT
2026-08-03 22:24:57 +0200: Memory Usage (474288K) : Starting DIODE EXTRACTION
2026-08-03 22:24:57 +0200: Memory Usage (474288K) : Extracting dantenna diode
2026-08-03 22:24:57 +0200: Memory Usage (474288K) : Extracting dpantenna diode
2026-08-03 22:24:57 +0200: Memory Usage (474288K) : Extracting schottky_nbl1 diode
2026-08-03 22:24:57 +0200: Memory Usage (474552K) : Extracting isolbox diode
2026-08-03 22:24:57 +0200: Memory Usage (474552K) : Starting RESISTOR EXTRACTION
2026-08-03 22:24:57 +0200: Memory Usage (474552K) : Extracting rsil resistor
2026-08-03 22:24:57 +0200: Memory Usage (474552K) : Extracting rppd resistor
2026-08-03 22:24:57 +0200: Memory Usage (474816K) : Extracting rhigh resistor
2026-08-03 22:24:57 +0200: Memory Usage (474816K) : Extracting res_metal1 resistor
2026-08-03 22:24:57 +0200: Memory Usage (475080K) : Extracting res_metal2 resistor
2026-08-03 22:24:57 +0200: Memory Usage (475080K) : Extracting res_metal3 resistor
2026-08-03 22:24:57 +0200: Memory Usage (475080K) : Extracting res_metal4 resistor
2026-08-03 22:24:57 +0200: Memory Usage (475080K) : Extracting res_metal5 resistor
2026-08-03 22:24:57 +0200: Memory Usage (475460K) : Extracting res_topmetal1 resistor
2026-08-03 22:24:57 +0200: Memory Usage (475460K) : Extracting res_topmetal2 resistor
2026-08-03 22:24:57 +0200: Memory Usage (475460K) : Starting CAP EXTRACTION
2026-08-03 22:24:57 +0200: Memory Usage (475460K) : Extracting cap_cmim device
2026-08-03 22:24:57 +0200: Memory Usage (475460K) : Extracting rfcmim device
2026-08-03 22:24:57 +0200: Memory Usage (475724K) : Extracting sg13_hv_svaricap varactor
2026-08-03 22:24:57 +0200: Memory Usage (475724K) : Starting ESD EXTRACTION
2026-08-03 22:24:57 +0200: Memory Usage (475724K) : Extracting diodevdd_2kv ESD device
2026-08-03 22:24:57 +0200: Memory Usage (475988K) : Extracting diodevdd_4kv ESD device
2026-08-03 22:24:57 +0200: Memory Usage (476252K) : Extracting diodevss_2kv ESD device
2026-08-03 22:24:57 +0200: Memory Usage (476516K) : Extracting diodevss_4kv ESD device
2026-08-03 22:24:57 +0200: Memory Usage (476516K) : Extracting idiodevdd_2kv ESD device
2026-08-03 22:24:57 +0200: Memory Usage (476780K) : Extracting idiodevdd_4kv ESD device
2026-08-03 22:24:57 +0200: Memory Usage (477044K) : Extracting idiodevss_2kv ESD device
2026-08-03 22:24:57 +0200: Memory Usage (477308K) : Extracting idiodevss_4kv ESD device
2026-08-03 22:24:57 +0200: Memory Usage (477308K) : Extracting nmoscl_2 ESD device
2026-08-03 22:24:57 +0200: Memory Usage (477572K) : Extracting nmoscl_4 ESD device
2026-08-03 22:24:57 +0200: Memory Usage (477572K) : Starting Inductor EXTRACTION
2026-08-03 22:24:57 +0200: Memory Usage (477572K) : Extracting Inductor2 device
2026-08-03 22:24:57 +0200: Memory Usage (477572K) : Extracting Inductor3 device
2026-08-03 22:24:57 +0200: Memory Usage (477836K) : Starting Taps EXTRACTION
2026-08-03 22:24:57 +0200: Memory Usage (477836K) : Extracting ntap1 device
2026-08-03 22:24:57 +0200: Memory Usage (477836K) : Extracting ptap1 device
2026-08-03 22:24:57 +0200: Memory Usage (477836K) : Starting SG13G2 LVS RF MOS Model Mapping
2026-08-03 22:24:57 +0200: Memory Usage (478100K) : [layout_netlist] Apply RF MOS model mapping and rfmode parameter.
2026-08-03 22:24:57 +0200: Memory Usage (478100K) : Starting SG13G2 LVS Options Preparations
2026-08-03 22:24:57 +0200: Memory Usage (478100K) : NET_ONLY enabled: apply extraction netlist options and skip comparison.
2026-08-03 22:24:57 +0200: Memory Usage (478100K) : SG13G2 LVS flow: extraction -> option preparation -> write netlist -> exit.
2026-08-03 22:24:57 +0200: Memory Usage (478100K) : Starting SG13G2 LVS Simplification
2026-08-03 22:24:57 +0200: Memory Usage (478100K) : [layout_netlist] simplify: ENABLED
2026-08-03 22:24:57 +0200: Memory Usage (478100K) : [layout_netlist] make_top_level_pins: SKIPPED
2026-08-03 22:24:57 +0200: Memory Usage (478100K) : [layout_netlist] combine_devices: SKIPPED
2026-08-03 22:24:57 +0200: Memory Usage (478100K) : [layout_netlist] purge: SKIPPED
2026-08-03 22:24:57 +0200: Memory Usage (478100K) : [layout_netlist] purge_nets: SKIPPED
2026-08-03 22:24:57 +0200: Memory Usage (478100K) : LVS Total Run time 0.823445 seconds
